Microchip MPLAB XC8 Compiler V2.10 ()

Linker command line:

-W-3 --edf=C:\Program Files (x86)\Microchip\xc8\v2.10\pic\dat\en_msgs.txt \
  -cs -h+dist/default/production\firmware.production.sym \
  --cmf=dist/default/production\firmware.production.cmf -z -Q16F18876 \
  -oC:\Users\murray\AppData\Local\Temp\s5o0.2 --defsym=__MPLAB_BUILD=1 \
  -Mdist/default/production/firmware.production.map -E1 -ver=XC8 \
  --acfsm=1493 -ASTACK=02090h-023EFh -pstack=STACK -ACODE=00h-07FFhx8 \
  -ASTRCODE=00h-03FFFh -ASTRING=00h-0FFhx64 -ACONST=00h-0FFhx64 \
  -AENTRY=00h-0FFhx64 -ACOMMON=070h-07Fh -ABANK0=020h-06Fh \
  -ABANK1=0A0h-0EFh -ABANK2=0120h-016Fh -ABANK3=01A0h-01EFh \
  -ABANK4=0220h-026Fh -ABANK5=02A0h-02EFh -ABANK6=0320h-036Fh \
  -ABANK7=03A0h-03EFh -ABANK8=0420h-046Fh -ABANK9=04A0h-04EFh \
  -ABANK10=0520h-056Fh -ABANK11=05A0h-05EFh -ABANK12=0620h-066Fh \
  -ABANK13=06A0h-06EFh -ABANK14=0720h-076Fh -ABANK15=07A0h-07EFh \
  -ABANK16=0820h-086Fh -ABANK17=08A0h-08EFh -ABANK18=0920h-096Fh \
  -ABANK19=09A0h-09EFh -ABANK20=0A20h-0A6Fh -ABANK21=0AA0h-0AEFh \
  -ABANK22=0B20h-0B6Fh -ABANK23=0BA0h-0BEFh -ABANK24=0C20h-0C6Fh \
  -ABANK25=0CA0h-0CBFh -ABIGRAM=02000h-027EFh \
  -ARAM=020h-06Fh,0A0h-0EFh,0120h-016Fh,01A0h-01EFh,0220h-026Fh,02A0h-02EFh,0320h-036Fh,03A0h-03EFh,0420h-046Fh,04A0h-04EFh,0520h-056Fh,05A0h-05EFh,0620h-066Fh,06A0h-06EFh,0720h-076Fh,07A0h-07EFh,0820h-086Fh,08A0h-08EFh,0920h-096Fh,09A0h-09EFh,0A20h-0A6Fh,0AA0h-0AEFh,0B20h-0B6Fh,0BA0h-0BEFh,0C20h-0C6Fh,0CA0h-0CBFh \
  -AABS1=020h-07Fh,0A0h-0EFh,0120h-016Fh,01A0h-01EFh,0220h-026Fh,02A0h-02EFh,0320h-036Fh,03A0h-03EFh,0420h-046Fh,04A0h-04EFh,0520h-056Fh,05A0h-05EFh,0620h-066Fh,06A0h-06EFh,0720h-076Fh,07A0h-07EFh,0820h-086Fh,08A0h-08EFh,0920h-096Fh,09A0h-09EFh,0A20h-0A6Fh,0AA0h-0AEFh,0B20h-0B6Fh,0BA0h-0BEFh,0C20h-0C6Fh,0CA0h-0CBFh \
  -ASFR0=00h-01Fh -ASFR1=080h-09Fh -ASFR2=0100h-011Fh -ASFR3=0180h-019Fh \
  -ASFR4=0200h-021Fh -ASFR5=0280h-029Fh -ASFR6=0300h-031Fh \
  -ASFR7=0380h-039Fh -ASFR8=0400h-041Fh -ASFR9=0480h-049Fh \
  -ASFR10=0500h-051Fh -ASFR11=0580h-059Fh -ASFR12=0600h-061Fh \
  -ASFR13=0680h-069Fh -ASFR14=0700h-071Fh -ASFR15=0780h-079Fh \
  -ASFR16=0800h-081Fh -ASFR17=0880h-089Fh -ASFR18=0900h-091Fh \
  -ASFR19=0980h-099Fh -ASFR20=0A00h-0A1Fh -ASFR21=0A80h-0A9Fh \
  -ASFR22=0B00h-0B1Fh -ASFR23=0B80h-0B9Fh -ASFR24=0C00h-0C1Fh \
  -ASFR25=0C80h-0C9Fh -ASFR26=0D00h-0D6Fh -ASFR27=0D80h-0DEFh \
  -ASFR28=0E00h-0E6Fh -ASFR29=0E80h-0EEFh -ASFR30=0F00h-0F6Fh \
  -ASFR31=0F80h-0FEFh -preset_vec=00h,intentry=04h,init,end_init \
  -ppowerup=CODE -pcinit=CODE -pfunctab=ENTRY -ACONFIG=08007h-0800Bh \
  -pconfig=CONFIG -DCONFIG=2 -AIDLOC=08000h-08003h -pidloc=IDLOC -DIDLOC=2 \
  -AEEDATA=00h-0FFh/0F000h -peeprom_data=EEDATA -DEEDATA=2 -DCODE=2 \
  -DSTRCODE=2 -DSTRING=2 -DCONST=2 -DENTRY=2 -k \
  C:\Users\murray\AppData\Local\Temp\s5o0.o \
  dist/default/production\firmware.production.o 

Object code version is 3.11

Machine type is 16F18876



                Name                               Link     Load   Length Selector   Space Scale
C:\Users\murray\AppData\Local\Temp\s5o0.o
                end_init                            19E      19E        2        8       0
                reset_vec                             0        0        2        0       0
                config                             8007     8007        5    1000E       0
dist/default/production\firmware.production.o
                cinit                               1A0      1A0       32        8       0
                intentry                              4        4      19A        8       0
                text25                              668      668       A1        8       0
                text24                              DAB      DAB        6     1B56       0
                text23                              DB1      DB1        6     1B62       0
                text22                              DA6      DA6        5     1B4C       0
                text20                              F5E      F5E       43     1EBC       0
                text19                              EEB      EEB       38     1DD6       0
                text18                              E15      E15       1A     1C2A       0
                text17                              DCD      DCD        A     1B9A       0
                text16                              DB7      DB7        7     1B6E       0
                text15                              E8F      E8F       25     1D1E       0
                text14                              7D3      7D3       2B        8       0
                text13                              524      524      144        8       0
                text12                              3C3      3C3      161        8       0
                text11                              773      773       60        8       0
                text10                              E4D      E4D       20     1C9A       0
                text9                               E6D      E6D       22     1CDA       0
                text8                               DEF      DEF       12     1BDE       0
                text7                               1D2      1D2      1F1        8       0
                text6                               DC5      DC5        8     1B8A       0
                text5                               DBE      DBE        7     1B7C       0
                text4                               E01      E01       14     1C02       0
                text3                               F23      F23       3B     1E46       0
                text2                               EB4      EB4       37     1D68       0
                text1                               709      709       6A        8       0
                maintext                            FA1      FA1       5F     1F42       0
                cstackBANK0                          20       20       30       20       1
                cstackCOMMON                         70       70        5       70       1
                clrtext                             DD7      DD7        C     1BAE       0
                inittext                            DE3      DE3        C     1BC6       0
                bssBANK1                             A0       A0       40       A0       1
                dataBANK0                            50       50       1E       20       1
                bssBANK0                             6E       6E        2       20       1
                dataCOMMON                           79       79        1       70       1
                bssCOMMON                            75       75        4       70       1
                idataBANK0                          E2F      E2F       1E     1C5E       0
                idataCOMMON                         7FE      7FE        1        8       0

TOTAL           Name                               Link     Load   Length     Space
        CLASS   STACK          

        CLASS   CODE           
                end_init                            19E      19E        2         0
                cinit                               1A0      1A0       32         0
                intentry                              4        4      19A         0
                reset_vec                             0        0        2         0
                text25                              668      668       A1         0
                text24                              DAB      DAB        6         0
                text23                              DB1      DB1        6         0
                text22                              DA6      DA6        5         0
                text20                              F5E      F5E       43         0
                text19                              EEB      EEB       38         0
                text18                              E15      E15       1A         0
                text17                              DCD      DCD        A         0
                text16                              DB7      DB7        7         0
                text15                              E8F      E8F       25         0
                text14                              7D3      7D3       2B         0
                text13                              524      524      144         0
                text12                              3C3      3C3      161         0
                text11                              773      773       60         0
                text10                              E4D      E4D       20         0
                text9                               E6D      E6D       22         0
                text8                               DEF      DEF       12         0
                text7                               1D2      1D2      1F1         0
                text6                               DC5      DC5        8         0
                text5                               DBE      DBE        7         0
                text4                               E01      E01       14         0
                text3                               F23      F23       3B         0
                text2                               EB4      EB4       37         0
                text1                               709      709       6A         0
                maintext                            FA1      FA1       5F         0
                clrtext                             DD7      DD7        C         0
                inittext                            DE3      DE3        C         0
                idataBANK0                          E2F      E2F       1E         0
                idataCOMMON                         7FE      7FE        1         0

        CLASS   STRCODE        

        CLASS   STRING         

        CLASS   CONST          

        CLASS   ENTRY          

        CLASS   COMMON         
                cstackCOMMON                         70       70        5         1
                dataCOMMON                           79       79        1         1
                bssCOMMON                            75       75        4         1

        CLASS   BANK0          
                cstackBANK0                          20       20       30         1
                dataBANK0                            50       50       1E         1
                bssBANK0                             6E       6E        2         1

        CLASS   BANK1          
                bssBANK1                             A0       A0       40         1

        CLASS   BANK2          

        CLASS   BANK3          

        CLASS   BANK4          

        CLASS   BANK5          

        CLASS   BANK6          

        CLASS   BANK7          

        CLASS   BANK8          

        CLASS   BANK9          

        CLASS   BANK10         

        CLASS   BANK11         

        CLASS   BANK12         

        CLASS   BANK13         

        CLASS   BANK14         

        CLASS   BANK15         

        CLASS   BANK16         

        CLASS   BANK17         

        CLASS   BANK18         

        CLASS   BANK19         

        CLASS   BANK20         

        CLASS   BANK21         

        CLASS   BANK22         

        CLASS   BANK23         

        CLASS   BANK24         

        CLASS   BANK25         

        CLASS   BIGRAM         

        CLASS   RAM            

        CLASS   ABS1           
                abs_s1                               7E       7E        2         1
                abs_s1                              650      650       20         1
                abs_s1                              6A0      6A0       50         1
                abs_s1                              720      720       50         1
                abs_s1                              7A0      7A0       50         1
                abs_s1                              820      820       50         1
                abs_s1                              8A0      8A0       50         1
                abs_s1                              920      920       50         1
                abs_s1                              9A0      9A0       50         1
                abs_s1                              A20      A20       50         1
                abs_s1                              AA0      AA0       50         1
                abs_s1                              B20      B20       50         1
                abs_s1                              BA0      BA0       50         1
                abs_s1                              C20      C20       50         1
                abs_s1                              CA0      CA0       20         1
                abs_s1                             23F0     23F0        0         1
                abs_s1                             24F0     24F0        0         1
                abs_s1                             25F0     25F0        0         1
                abs_s1                             26F0     26F0        0         1

        CLASS   SFR0           

        CLASS   SFR1           

        CLASS   SFR2           

        CLASS   SFR3           

        CLASS   SFR4           

        CLASS   SFR5           

        CLASS   SFR6           

        CLASS   SFR7           

        CLASS   SFR8           

        CLASS   SFR9           

        CLASS   SFR10          

        CLASS   SFR11          

        CLASS   SFR12          

        CLASS   SFR13          

        CLASS   SFR14          

        CLASS   SFR15          

        CLASS   SFR16          

        CLASS   SFR17          

        CLASS   SFR18          

        CLASS   SFR19          

        CLASS   SFR20          

        CLASS   SFR21          

        CLASS   SFR22          

        CLASS   SFR23          

        CLASS   SFR24          

        CLASS   SFR25          

        CLASS   SFR26          

        CLASS   SFR27          

        CLASS   SFR28          

        CLASS   SFR29          

        CLASS   SFR30          

        CLASS   SFR31          

        CLASS   CONFIG         
                config                             8007     8007        5         0

        CLASS   IDLOC          

        CLASS   EEDATA         

        CLASS   BANK31         

        CLASS   BANK30         

        CLASS   BANK29         

        CLASS   BANK28         

        CLASS   BANK27         

        CLASS   BANK26         



SEGMENTS        Name                           Load    Length   Top    Selector   Space  Class     Delta

                reset_vec                      000000  000002  000002         0       0  CODE        2
                intentry                       000004  0007FB  0007FF         8       0  CODE        2
                cstackBANK0                    000020  000050  000070        20       1  BANK0       1
                cstackCOMMON                   000070  00000A  00007A        70       1  COMMON      1
                bssBANK1                       0000A0  000040  0000E0        A0       1  BANK1       1
                text22                         000DA6  000005  000DAB      1B4C       0  CODE        2
                text24                         000DAB  000006  000DB1      1B56       0  CODE        2
                text23                         000DB1  000006  000DB7      1B62       0  CODE        2
                text16                         000DB7  000007  000DBE      1B6E       0  CODE        2
                text5                          000DBE  000007  000DC5      1B7C       0  CODE        2
                text6                          000DC5  000008  000DCD      1B8A       0  CODE        2
                text17                         000DCD  00000A  000DD7      1B9A       0  CODE        2
                clrtext                        000DD7  00000C  000DE3      1BAE       0  CODE        2
                inittext                       000DE3  00000C  000DEF      1BC6       0  CODE        2
                text8                          000DEF  000012  000E01      1BDE       0  CODE        2
                text4                          000E01  000014  000E15      1C02       0  CODE        2
                text18                         000E15  00001A  000E2F      1C2A       0  CODE        2
                idataBANK0                     000E2F  00001E  000E4D      1C5E       0  CODE        2
                text10                         000E4D  000020  000E6D      1C9A       0  CODE        2
                text9                          000E6D  000022  000E8F      1CDA       0  CODE        2
                text15                         000E8F  000025  000EB4      1D1E       0  CODE        2
                text2                          000EB4  000037  000EEB      1D68       0  CODE        2
                text19                         000EEB  000038  000F23      1DD6       0  CODE        2
                text3                          000F23  00003B  000F5E      1E46       0  CODE        2
                text20                         000F5E  000043  000FA1      1EBC       0  CODE        2
                maintext                       000FA1  00005F  001000      1F42       0  CODE        2
                config                         008007  000005  00800C     1000E       0  CONFIG      2


UNUSED ADDRESS RANGES

        Name                Unused          Largest block    Delta
        BANK1            000E0-000EF              10           1
        BANK10           00520-0056F              50           1
        BANK11           005A0-005EF              50           1
        BANK12           00620-0064F              30           1
        BANK2            00120-0016F              50           1
        BANK3            001A0-001EF              50           1
        BANK4            00220-0026F              50           1
        BANK5            002A0-002EF              50           1
        BANK6            00320-0036F              50           1
        BANK7            003A0-003EF              50           1
        BANK8            00420-0046F              50           1
        BANK9            004A0-004EF              50           1
        BIGRAM           02000-027EF             7F0           1
        CODE             00002-00003               2           2
                         007FF-00DA5               1
                         01000-03FFF             800
        COMMON           0007A-0007D               4           1
        CONST            00002-00003               2           2
                         007FF-00DA5             100
                         01000-03FFF             100
        EEDATA           0F000-0F0FF             100           2
        ENTRY            00002-00003               2           2
                         007FF-00DA5             100
                         01000-03FFF             100
        IDLOC            08000-08003               4           2
        RAM              000E0-000EF              10           1
                         00120-0016F              50
                         001A0-001EF              50
                         00220-0026F              50
                         002A0-002EF              50
                         00320-0036F              50
                         003A0-003EF              50
                         00420-0046F              50
                         004A0-004EF              50
                         00520-0056F              50
                         005A0-005EF              50
                         00620-0064F              30
        SFR0             00000-0001F              20           1
        SFR1             00080-0009F              20           1
        SFR10            00500-0051F              20           1
        SFR11            00580-0059F              20           1
        SFR12            00600-0061F              20           1
        SFR13            00680-0069F              20           1
        SFR14            00700-0071F              20           1
        SFR15            00780-0079F              20           1
        SFR16            00800-0081F              20           1
        SFR17            00880-0089F              20           1
        SFR18            00900-0091F              20           1
        SFR19            00980-0099F              20           1
        SFR2             00100-0011F              20           1
        SFR20            00A00-00A1F              20           1
        SFR21            00A80-00A9F              20           1
        SFR22            00B00-00B1F              20           1
        SFR23            00B80-00B9F              20           1
        SFR24            00C00-00C1F              20           1
        SFR25            00C80-00C9F              20           1
        SFR26            00D00-00D6F              70           1
        SFR27            00D80-00DEF              70           1
        SFR28            00E00-00E6F              70           1
        SFR29            00E80-00EEF              70           1
        SFR3             00180-0019F              20           1
        SFR30            00F00-00F6F              70           1
        SFR31            00F80-00FEF              70           1
        SFR4             00200-0021F              20           1
        SFR5             00280-0029F              20           1
        SFR6             00300-0031F              20           1
        SFR7             00380-0039F              20           1
        SFR8             00400-0041F              20           1
        SFR9             00480-0049F              20           1
        STACK            02090-023EF             360           1
        STRCODE          00002-00003               2           2
                         007FF-00DA5             5A7
                         01000-03FFF            3000
        STRING           00002-00003               2           2
                         007FF-00DA5             100
                         01000-03FFF             100

                                  Symbol Table

?___awdiv                      cstackBANK0  00026
?___wmul                       cstackBANK0  00020
?_readADC                      cstackBANK0  00020
Map@inMax                      cstackBANK0  00033
Map@inMin                      cstackBANK0  00031
Map@outMax                     cstackBANK0  00037
Map@outMin                     cstackBANK0  00035
Map@x                          cstackBANK0  0002F
PS2Command@cmd                 cstackCOMMON 00074
PWMButton@value                cstackBANK0  00020
PwmInit@idle                   cstackBANK0  00020
_ADACQ                         (abs)        0009D
_ADCLK                         (abs)        00098
_ADCON0                        (abs)        00093
_ADCON0bits                    (abs)        00093
_ADCON1                        (abs)        00094
_ADCON2                        (abs)        00095
_ADPCH                         (abs)        0009E
_ADPRE                         (abs)        0009C
_ADREF                         (abs)        0009A
_ADRESH                        (abs)        0008D
_ADRESL                        (abs)        0008C
_ANSELA                        (abs)        00F38
_ANSELB                        (abs)        00F43
_ANSELC                        (abs)        00F4E
_ANSELD                        (abs)        00F59
_ANSELE                        (abs)        00F64
_DigitalControllerByte1        bssBANK1     000C8
_DigitalControllerByte2        bssBANK1     000C0
_INTCONbits                    (abs)        0000B
_IndexDigitalByte1             bssBANK1     000A8
_IndexDigitalByte2             bssBANK1     000A0
_Map                           text9        00E6D
_NVMADRH                       (abs)        0081B
_NVMADRL                       (abs)        0081A
_NVMCON1bits                   (abs)        0081E
_NVMCON2                       (abs)        0081F
_NVMDATL                       (abs)        0081C
_PORTDbits                     (abs)        0000F
_PPSLOCK                       (abs)        00E8F
_PS2Command                    intentry     00004
_PWMButton                     text20       00F5E
_PWMOn                         bssCOMMON    00075
_PWMPeriod                     dataBANK0    00050
_PWMTestFunc                   text19       00EEB
_PreviousDigitalByte1          bssBANK1     000B8
_PreviousDigitalByte2          bssBANK1     000B0
_PwmInit                       text18       00E15
_RA0                           (abs)        00060
_RA1                           (abs)        00061
_RA2                           (abs)        00062
_RA3                           (abs)        00063
_RA4                           (abs)        00064
_RA5                           (abs)        00065
_RA6                           (abs)        00066
_RA7                           (abs)        00067
_RB0                           (abs)        00068
_RB1                           (abs)        00069
_RB2                           (abs)        0006A
_RB3                           (abs)        0006B
_RB4                           (abs)        0006C
_RB5                           (abs)        0006D
_RB6                           (abs)        0006E
_RB7                           (abs)        0006F
_RC2                           (abs)        00072
_RC5PPS                        (abs)        00F25
_RD0                           (abs)        00078
_RD4                           (abs)        0007C
_SSP1BUF                       (abs)        0018C
_SSP1CON1                      (abs)        00190
_SSP1IE                        (abs)        038C8
_SSP1IF                        (abs)        03878
_SSP1STAT                      (abs)        0018F
_SSP1STATbits                  (abs)        0018F
_T6CLKCON                      (abs)        0029C
_T6CON                         (abs)        0029A
_T6HLT                         (abs)        0029B
_T6RST                         (abs)        0029D
_T6TMR                         (abs)        00298
_TMR6IE                        (abs)        038D5
_TMR6IF                        (abs)        03885
_TRISA                         (abs)        00011
_TRISAbits                     (abs)        00011
_TRISB                         (abs)        00012
_TRISC                         (abs)        00013
_TRISCbits                     (abs)        00013
_TRISD                         (abs)        00014
_TRISDbits                     (abs)        00014
_TRISE                         (abs)        00015
_WPUA                          (abs)        00F39
_WPUB                          (abs)        00F44
_WPUC                          (abs)        00F4F
_WPUD                          (abs)        00F5A
_WPUE                          (abs)        00F65
__CFG_BOREN$ON                 (abs)        00000
__CFG_BORV$LO                  (abs)        00000
__CFG_CLKOUTEN$OFF             (abs)        00000
__CFG_CP$OFF                   (abs)        00000
__CFG_CPD$OFF                  (abs)        00000
__CFG_CSWEN$ON                 (abs)        00000
__CFG_FCMEN$ON                 (abs)        00000
__CFG_FEXTOSC$OFF              (abs)        00000
__CFG_LPBOREN$OFF              (abs)        00000
__CFG_LVP$ON                   (abs)        00000
__CFG_MCLRE$OFF                (abs)        00000
__CFG_PPS1WAY$OFF              (abs)        00000
__CFG_PWRTE$OFF                (abs)        00000
__CFG_RSTOSC$HFINT32           (abs)        00000
__CFG_SCANE$available          (abs)        00000
__CFG_STVREN$ON                (abs)        00000
__CFG_WDTCCS$SC                (abs)        00000
__CFG_WDTCPS$WDTCPS_31         (abs)        00000
__CFG_WDTCWS$WDTCWS_7          (abs)        00000
__CFG_WDTE$OFF                 (abs)        00000
__CFG_WRT$OFF                  (abs)        00000
__CFG_ZCD$OFF                  (abs)        00000
__Habs1                        abs1         00000
__Hbank0                       bank0        00000
__Hbank1                       bank1        00000
__Hbank10                      bank10       00000
__Hbank11                      bank11       00000
__Hbank12                      bank12       00000
__Hbank13                      bank13       00000
__Hbank14                      bank14       00000
__Hbank15                      bank15       00000
__Hbank16                      bank16       00000
__Hbank17                      bank17       00000
__Hbank18                      bank18       00000
__Hbank19                      bank19       00000
__Hbank2                       bank2        00000
__Hbank20                      bank20       00000
__Hbank21                      bank21       00000
__Hbank22                      bank22       00000
__Hbank23                      bank23       00000
__Hbank24                      bank24       00000
__Hbank25                      bank25       00000
__Hbank26                      bank26       00000
__Hbank27                      bank27       00000
__Hbank28                      bank28       00000
__Hbank29                      bank29       00000
__Hbank3                       bank3        00000
__Hbank30                      bank30       00000
__Hbank31                      bank31       00000
__Hbank4                       bank4        00000
__Hbank5                       bank5        00000
__Hbank6                       bank6        00000
__Hbank7                       bank7        00000
__Hbank8                       bank8        00000
__Hbank9                       bank9        00000
__Hbigram                      bigram       00000
__HbssBANK0                    bssBANK0     00000
__HbssBANK1                    bssBANK1     00000
__HbssCOMMON                   bssCOMMON    00000
__Hcinit                       cinit        001D2
__Hclrtext                     clrtext      00000
__Hcode                        code         00000
__Hcommon                      common       00000
__Hconfig                      config       0800C
__HcstackBANK0                 cstackBANK0  00000
__HcstackCOMMON                cstackCOMMON 00000
__HdataBANK0                   dataBANK0    00000
__HdataCOMMON                  dataCOMMON   00000
__Heeprom_data                 eeprom_data  00000
__Hend_init                    end_init     001A0
__Hfunctab                     functab      00000
__HidataBANK0                  idataBANK0   00000
__HidataCOMMON                 idataCOMMON  00000
__Hidloc                       idloc        00000
__Hinit                        init         0019E
__Hinittext                    inittext     00000
__Hintentry                    intentry     0019E
__Hmaintext                    maintext     00000
__Hpowerup                     powerup      00000
__Hram                         ram          00000
__Hreset_vec                   reset_vec    00002
__Hsfr0                        sfr0         00000
__Hsfr1                        sfr1         00000
__Hsfr10                       sfr10        00000
__Hsfr11                       sfr11        00000
__Hsfr12                       sfr12        00000
__Hsfr13                       sfr13        00000
__Hsfr14                       sfr14        00000
__Hsfr15                       sfr15        00000
__Hsfr16                       sfr16        00000
__Hsfr17                       sfr17        00000
__Hsfr18                       sfr18        00000
__Hsfr19                       sfr19        00000
__Hsfr2                        sfr2         00000
__Hsfr20                       sfr20        00000
__Hsfr21                       sfr21        00000
__Hsfr22                       sfr22        00000
__Hsfr23                       sfr23        00000
__Hsfr24                       sfr24        00000
__Hsfr25                       sfr25        00000
__Hsfr26                       sfr26        00000
__Hsfr27                       sfr27        00000
__Hsfr28                       sfr28        00000
__Hsfr29                       sfr29        00000
__Hsfr3                        sfr3         00000
__Hsfr30                       sfr30        00000
__Hsfr31                       sfr31        00000
__Hsfr4                        sfr4         00000
__Hsfr5                        sfr5         00000
__Hsfr6                        sfr6         00000
__Hsfr7                        sfr7         00000
__Hsfr8                        sfr8         00000
__Hsfr9                        sfr9         00000
__Hspace_0                     (abs)        0800C
__Hspace_1                     (abs)        000E0
__Hspace_2                     (abs)        00000
__Hspace_3                     (abs)        00000
__Hstack                       stack        00000
__Hstrings                     strings      00000
__Htext                        text         00000
__Labs1                        abs1         00000
__Lbank0                       bank0        00000
__Lbank1                       bank1        00000
__Lbank10                      bank10       00000
__Lbank11                      bank11       00000
__Lbank12                      bank12       00000
__Lbank13                      bank13       00000
__Lbank14                      bank14       00000
__Lbank15                      bank15       00000
__Lbank16                      bank16       00000
__Lbank17                      bank17       00000
__Lbank18                      bank18       00000
__Lbank19                      bank19       00000
__Lbank2                       bank2        00000
__Lbank20                      bank20       00000
__Lbank21                      bank21       00000
__Lbank22                      bank22       00000
__Lbank23                      bank23       00000
__Lbank24                      bank24       00000
__Lbank25                      bank25       00000
__Lbank26                      bank26       00000
__Lbank27                      bank27       00000
__Lbank28                      bank28       00000
__Lbank29                      bank29       00000
__Lbank3                       bank3        00000
__Lbank30                      bank30       00000
__Lbank31                      bank31       00000
__Lbank4                       bank4        00000
__Lbank5                       bank5        00000
__Lbank6                       bank6        00000
__Lbank7                       bank7        00000
__Lbank8                       bank8        00000
__Lbank9                       bank9        00000
__Lbigram                      bigram       00000
__LbssBANK0                    bssBANK0     00000
__LbssBANK1                    bssBANK1     00000
__LbssCOMMON                   bssCOMMON    00000
__Lcinit                       cinit        001A0
__Lclrtext                     clrtext      00000
__Lcode                        code         00000
__Lcommon                      common       00000
__Lconfig                      config       08007
__LcstackBANK0                 cstackBANK0  00000
__LcstackCOMMON                cstackCOMMON 00000
__LdataBANK0                   dataBANK0    00000
__LdataCOMMON                  dataCOMMON   00000
__Leeprom_data                 eeprom_data  00000
__Lend_init                    end_init     0019E
__Lfunctab                     functab      00000
__LidataBANK0                  idataBANK0   00000
__LidataCOMMON                 idataCOMMON  00000
__Lidloc                       idloc        00000
__Linit                        init         0019E
__Linittext                    inittext     00000
__Lintentry                    intentry     00004
__Lmaintext                    maintext     00000
__Lpowerup                     powerup      00000
__Lram                         ram          00000
__Lreset_vec                   reset_vec    00000
__Lsfr0                        sfr0         00000
__Lsfr1                        sfr1         00000
__Lsfr10                       sfr10        00000
__Lsfr11                       sfr11        00000
__Lsfr12                       sfr12        00000
__Lsfr13                       sfr13        00000
__Lsfr14                       sfr14        00000
__Lsfr15                       sfr15        00000
__Lsfr16                       sfr16        00000
__Lsfr17                       sfr17        00000
__Lsfr18                       sfr18        00000
__Lsfr19                       sfr19        00000
__Lsfr2                        sfr2         00000
__Lsfr20                       sfr20        00000
__Lsfr21                       sfr21        00000
__Lsfr22                       sfr22        00000
__Lsfr23                       sfr23        00000
__Lsfr24                       sfr24        00000
__Lsfr25                       sfr25        00000
__Lsfr26                       sfr26        00000
__Lsfr27                       sfr27        00000
__Lsfr28                       sfr28        00000
__Lsfr29                       sfr29        00000
__Lsfr3                        sfr3         00000
__Lsfr30                       sfr30        00000
__Lsfr31                       sfr31        00000
__Lsfr4                        sfr4         00000
__Lsfr5                        sfr5         00000
__Lsfr6                        sfr6         00000
__Lsfr7                        sfr7         00000
__Lsfr8                        sfr8         00000
__Lsfr9                        sfr9         00000
__Lspace_0                     (abs)        00000
__Lspace_1                     (abs)        00000
__Lspace_2                     (abs)        00000
__Lspace_3                     (abs)        00000
__Lstack                       stack        00000
__Lstrings                     strings      00000
__Ltext                        text         00000
__S0                           (abs)        0800C
__S1                           (abs)        000E0
__S2                           (abs)        00000
__S3                           (abs)        00000
___awdiv                       text11       00773
___awdiv@counter               cstackBANK0  0002B
___awdiv@dividend              cstackBANK0  00028
___awdiv@divisor               cstackBANK0  00026
___awdiv@quotient              cstackBANK0  0002D
___awdiv@sign                  cstackBANK0  0002C
___int_sp                      stack        00000
___latbits                     (abs)        00003
___sp                          stack        00000
___stackhi                     (abs)        023EF
___stacklo                     (abs)        02090
___wmul                        text10       00E4D
___wmul@multiplicand           cstackBANK0  00022
___wmul@multiplier             cstackBANK0  00020
___wmul@product                cstackBANK0  00024
__end_of_Map                   text9        00E8F
__end_of_PS2Command            intentry     0019E
__end_of_PWMButton             text20       00FA1
__end_of_PWMTestFunc           text19       00F23
__end_of_PwmInit               text18       00E2F
__end_of___awdiv               text11       007D3
__end_of___wmul                text10       00E6D
__end_of__initialization       cinit        001CE
__end_of_adcInit               text17       00DD7
__end_of_configureController   text12       00524
__end_of_eepromRead            text8        00E01
__end_of_eepromWrite           text15       00EB4
__end_of_lutInit               text7        003C3
__end_of_main                  maintext     01000
__end_of_nvmUnlock             text16       00DBE
__end_of_picInit               text3        00F5E
__end_of_pollController        text25       00709
__end_of_ppsLock               text6        00DCD
__end_of_ppsUnlock             text5        00DC5
__end_of_readADC               text14       007FE
__end_of_readController        text13       00668
__end_of_readControllerAnalog  text1        00773
__end_of_reversebyte           text2        00EEB
__end_of_spiInit               text4        00E15
__end_of_spiRead               text23       00DB7
__end_of_spiReceiveWait        text24       00DB1
__end_of_spiWrite              text22       00DAB
__initialization               cinit        001A0
__pbssBANK0                    bssBANK0     0006E
__pbssBANK1                    bssBANK1     000A0
__pbssBIGRAM                   (abs)        023F0
__pbssCOMMON                   bssCOMMON    00075
__pcstackBANK0                 cstackBANK0  00020
__pcstackCOMMON                cstackCOMMON 00070
__pdataBANK0                   dataBANK0    00050
__pdataCOMMON                  dataCOMMON   00079
__pidataBANK0                  idataBANK0   00E2F
__pidataCOMMON                 idataCOMMON  007FE
__pintentry                    intentry     00004
__pmaintext                    maintext     00FA1
__ptext1                       text1        00709
__ptext10                      text10       00E4D
__ptext11                      text11       00773
__ptext12                      text12       003C3
__ptext13                      text13       00524
__ptext14                      text14       007D3
__ptext15                      text15       00E8F
__ptext16                      text16       00DB7
__ptext17                      text17       00DCD
__ptext18                      text18       00E15
__ptext19                      text19       00EEB
__ptext2                       text2        00EB4
__ptext20                      text20       00F5E
__ptext22                      text22       00DA6
__ptext23                      text23       00DB1
__ptext24                      text24       00DAB
__ptext25                      text25       00668
__ptext3                       text3        00F23
__ptext4                       text4        00E01
__ptext5                       text5        00DBE
__ptext6                       text6        00DC5
__ptext7                       text7        001D2
__ptext8                       text8        00DEF
__ptext9                       text9        00E6D
__size_of_Map                  (abs)        00000
__size_of_PS2Command           (abs)        00000
__size_of_PWMButton            (abs)        00000
__size_of_PWMTestFunc          (abs)        00000
__size_of_PwmInit              (abs)        00000
__size_of___awdiv              (abs)        00000
__size_of___wmul               (abs)        00000
__size_of_adcInit              (abs)        00000
__size_of_configureController  (abs)        00000
__size_of_eepromRead           (abs)        00000
__size_of_eepromWrite          (abs)        00000
__size_of_lutInit              (abs)        00000
__size_of_main                 (abs)        00000
__size_of_nvmUnlock            (abs)        00000
__size_of_picInit              (abs)        00000
__size_of_pollController       (abs)        00000
__size_of_ppsLock              (abs)        00000
__size_of_ppsUnlock            (abs)        00000
__size_of_readADC              (abs)        00000
__size_of_readController       (abs)        00000
__size_of_readControllerAnalog (abs)        00000
__size_of_reversebyte          (abs)        00000
__size_of_spiInit              (abs)        00000
__size_of_spiRead              (abs)        00000
__size_of_spiReceiveWait       (abs)        00000
__size_of_spiWrite             (abs)        00000
_adcInit                       text17       00DCD
_analogMode                    dataCOMMON   00079
_analogStateFirst              bssBANK1     000D8
_analogStateSecond             bssBANK1     000D0
_cmdCounter                    bssCOMMON    00077
_configureController           text12       003C3
_digitalStateFirst             dataBANK0    00059
_digitalStateSecond            dataBANK0    00058
_eepromRead                    text8        00DEF
_eepromWrite                   text15       00E8F
_escapeMode                    bssBANK0     0006F
_index                         bssCOMMON    00078
_lutInit                       text7        001D2
_lutLX                         (abs)        026F0
_lutLY                         (abs)        025F0
_lutRX                         (abs)        024F0
_lutRY                         (abs)        023F0
_lxData                        dataBANK0    00055
_lyData                        dataBANK0    00054
_main                          maintext     00FA1
_nvmUnlock                     text16       00DB7
_picInit                       text3        00F23
_pollController                text25       00668
_ppsLock                       text6        00DC5
_ppsUnlock                     text5        00DBE
_previousCmd                   bssBANK0     0006E
_readADC                       text14       007D3
_readController                text13       00524
_readControllerAnalog          text1        00709
_response                      dataBANK0    0005A
_responseLength                dataBANK0    00052
_reversebyte                   text2        00EB4
_rxData                        dataBANK0    00057
_ryData                        dataBANK0    00056
_spiInit                       text4        00E01
_spiRead                       text23       00DB1
_spiReceiveWait                text24       00DAB
_spiWrite                      text22       00DA6
btemp                          (abs)        0007E
clear_ram0                     clrtext      00DD7
configureController@lx         cstackBANK0  00032
configureController@lxMax      cstackBANK0  0002B
configureController@lxMin      cstackBANK0  0002A
configureController@ly         cstackBANK0  00033
configureController@lyMax      cstackBANK0  0002D
configureController@lyMin      cstackBANK0  0002C
configureController@rx         cstackBANK0  00034
configureController@rxMax      cstackBANK0  0002F
configureController@rxMin      cstackBANK0  0002E
configureController@ry         cstackBANK0  00035
configureController@ryMax      cstackBANK0  00031
configureController@ryMin      cstackBANK0  00030
eepromRead@address             cstackBANK0  00021
eepromRead@data                cstackBANK0  00022
eepromWrite@address            cstackBANK0  00021
eepromWrite@data               cstackBANK0  00020
eepromWrite@interruptStatus    cstackBANK0  00022
end_of_initialization          cinit        001CE
init_ram                       inittext     00DE3
int$flags                      (abs)        0007E
intlevel0                      functab      00000
intlevel1                      functab      00000
intlevel2                      functab      00000
intlevel3                      functab      00000
intlevel4                      functab      00000
intlevel5                      functab      00000
lutInit@lxMax                  cstackBANK0  00043
lutInit@lxMin                  cstackBANK0  00042
lutInit@lyMax                  cstackBANK0  00045
lutInit@lyMin                  cstackBANK0  00044
lutInit@position               cstackBANK0  0004A
lutInit@rxMax                  cstackBANK0  00047
lutInit@rxMin                  cstackBANK0  00046
lutInit@ryMax                  cstackBANK0  00049
lutInit@ryMin                  cstackBANK0  00048
main@count                     cstackBANK0  0004E
main@slaveSelect               cstackBANK0  0004F
main@slaveSelectStatePrev      cstackBANK0  0004D
pollController@response        cstackCOMMON 00071
readADC@channel                cstackBANK0  00020
readController@analogMode      cstackBANK0  00022
reset_vec                      reset_vec    00000
reversebyte@byte               cstackBANK0  00023
spiInit@sClockIdle             cstackBANK0  00021
spiInit@sDataSample            cstackBANK0  00020
spiInit@sTransmitEdge          cstackBANK0  00022
spiInit@sType                  cstackBANK0  00023
spiWrite@dat                   cstackCOMMON 00070
start                          init         0019E
start_initialization           cinit        001A0
wtemp0                         (abs)        0007E


FUNCTION INFORMATION:

 *************** function _main *****************
 Defined at:
		line 486 in file "main.c"
 Parameters:    Size  Location     Type
		None
 Auto vars:     Size  Location     Type
  slaveSelect     1   47[BANK0 ] unsigned char 
  count           1   46[BANK0 ] unsigned char 
  slaveSelectS    1   45[BANK0 ] unsigned char 
 Return value:  Size  Location     Type
                  1    wreg      void 
 Registers used:
		wreg, fsr0l, fsr0h, fsr1l, fsr1h, status,2, status,0, pclath, cstack
 Tracked objects:
		On entry : 
		On exit  : 
		Unchanged: 
 Data sizes:     COMMON   BANK0   BANK1   BANK2   BANK3   BANK4   BANK5   BANK6   BANK7   BANK8   BANK9  BANK10  BANK11  BANK12  BANK13  BANK14  BANK15  BANK16  BANK17  BANK18  BANK19  BANK20  BANK21  BANK22  BANK23  BANK24  BANK25
      Params:         0       0       0       0       0       0       0       0       0       0       0       0       0       0       0       0       0       0       0       0       0       0       0       0       0       0       0
      Locals:         0       3       0       0       0       0       0       0       0       0       0       0       0       0       0       0       0       0       0       0       0       0       0       0       0       0       0
      Temps:          0       1       0       0       0       0       0       0       0       0       0       0       0       0       0       0       0       0       0       0       0       0       0       0       0       0       0
      Totals:         0       4       0       0       0       0       0       0       0       0       0       0       0       0       0       0       0       0       0       0       0       0       0       0       0       0       0
Total ram usage:        4 bytes
 Hardware stack levels required when called:    6
 This function calls:
		_PWMTestFunc
		_PwmInit
		_adcInit
		_configureController
		_lutInit
		_picInit
		_readController
		_readControllerAnalog
 This function is called by:
		Startup code after reset
 This function uses a non-reentrant model


 *************** function _readControllerAnalog *****************
 Defined at:
		line 175 in file "Controller.c"
 Parameters:    Size  Location     Type
		None
 Auto vars:     Size  Location     Type
		None
 Return value:  Size  Location     Type
                  1    wreg      void 
 Registers used:
		wreg, fsr1l, fsr1h, status,2, status,0, pclath, cstack
 Tracked objects:
		On entry : 
		On exit  : 
		Unchanged: 
 Data sizes:     COMMON   BANK0   BANK1   BANK2   BANK3   BANK4   BANK5   BANK6   BANK7   BANK8   BANK9  BANK10  BANK11  BANK12  BANK13  BANK14  BANK15  BANK16  BANK17  BANK18  BANK19  BANK20  BANK21  BANK22  BANK23  BANK24  BANK25
      Params:         0       0       0       0       0       0       0       0       0       0       0       0       0       0       0       0       0       0       0       0       0       0       0       0       0       0       0
      Locals:         0       0       0       0       0       0       0       0       0       0       0       0       0       0       0       0       0       0       0       0       0       0       0       0       0       0       0
      Temps:          0       3       0       0       0       0       0       0       0       0       0       0       0       0       0       0       0       0       0       0       0       0       0       0       0       0       0
      Totals:         0       3       0       0       0       0       0       0       0       0       0       0       0       0       0       0       0       0       0       0       0       0       0       0       0       0       0
Total ram usage:        3 bytes
 Hardware stack levels used:    1
 Hardware stack levels required when called:    4
 This function calls:
		_readADC
		_reversebyte
 This function is called by:
		_main
 This function uses a non-reentrant model


 *************** function _reversebyte *****************
 Defined at:
		line 167 in file "Controller.c"
 Parameters:    Size  Location     Type
  byte            1    wreg     unsigned char 
 Auto vars:     Size  Location     Type
  byte            1    3[BANK0 ] unsigned char 
 Return value:  Size  Location     Type
                  1    wreg      unsigned char 
 Registers used:
		wreg, status,2, status,0
 Tracked objects:
		On entry : 
		On exit  : 
		Unchanged: 
 Data sizes:     COMMON   BANK0   BANK1   BANK2   BANK3   BANK4   BANK5   BANK6   BANK7   BANK8   BANK9  BANK10  BANK11  BANK12  BANK13  BANK14  BANK15  BANK16  BANK17  BANK18  BANK19  BANK20  BANK21  BANK22  BANK23  BANK24  BANK25
      Params:         0       0       0       0       0       0       0       0       0       0       0       0       0       0       0       0       0       0       0       0       0       0       0       0       0       0       0
      Locals:         0       1       0       0       0       0       0       0       0       0       0       0       0       0       0       0       0       0       0       0       0       0       0       0       0       0       0
      Temps:          0       3       0       0       0       0       0       0       0       0       0       0       0       0       0       0       0       0       0       0       0       0       0       0       0       0       0
      Totals:         0       4       0       0       0       0       0       0       0       0       0       0       0       0       0       0       0       0       0       0       0       0       0       0       0       0       0
Total ram usage:        4 bytes
 Hardware stack levels used:    1
 Hardware stack levels required when called:    3
 This function calls:
		Nothing
 This function is called by:
		_readControllerAnalog
 This function uses a non-reentrant model


 *************** function _picInit *****************
 Defined at:
		line 32 in file "PicConfig.c"
 Parameters:    Size  Location     Type
		None
 Auto vars:     Size  Location     Type
		None
 Return value:  Size  Location     Type
                  1    wreg      void 
 Registers used:
		wreg, status,2, status,0, pclath, cstack
 Tracked objects:
		On entry : 
		On exit  : 
		Unchanged: 
 Data sizes:     COMMON   BANK0   BANK1   BANK2   BANK3   BANK4   BANK5   BANK6   BANK7   BANK8   BANK9  BANK10  BANK11  BANK12  BANK13  BANK14  BANK15  BANK16  BANK17  BANK18  BANK19  BANK20  BANK21  BANK22  BANK23  BANK24  BANK25
      Params:         0       0       0       0       0       0       0       0       0       0       0       0       0       0       0       0       0       0       0       0       0       0       0       0       0       0       0
      Locals:         0       0       0       0       0       0       0       0       0       0       0       0       0       0       0       0       0       0       0       0       0       0       0       0       0       0       0
      Temps:          0       2       0       0       0       0       0       0       0       0       0       0       0       0       0       0       0       0       0       0       0       0       0       0       0       0       0
      Totals:         0       2       0       0       0       0       0       0       0       0       0       0       0       0       0       0       0       0       0       0       0       0       0       0       0       0       0
Total ram usage:        2 bytes
 Hardware stack levels used:    1
 Hardware stack levels required when called:    4
 This function calls:
		_ppsLock
		_ppsUnlock
		_spiInit
 This function is called by:
		_main
 This function uses a non-reentrant model


 *************** function _spiInit *****************
 Defined at:
		line 10 in file "Spi.c"
 Parameters:    Size  Location     Type
  sType           1    wreg     enum E12122
  sDataSample     1    0[BANK0 ] enum E12130
  sClockIdle      1    1[BANK0 ] enum E12134
  sTransmitEdg    1    2[BANK0 ] enum E12138
 Auto vars:     Size  Location     Type
  sType           1    3[BANK0 ] enum E12122
 Return value:  Size  Location     Type
                  1    wreg      void 
 Registers used:
		wreg, status,2, status,0
 Tracked objects:
		On entry : 
		On exit  : 
		Unchanged: 
 Data sizes:     COMMON   BANK0   BANK1   BANK2   BANK3   BANK4   BANK5   BANK6   BANK7   BANK8   BANK9  BANK10  BANK11  BANK12  BANK13  BANK14  BANK15  BANK16  BANK17  BANK18  BANK19  BANK20  BANK21  BANK22  BANK23  BANK24  BANK25
      Params:         0       3       0       0       0       0       0       0       0       0       0       0       0       0       0       0       0       0       0       0       0       0       0       0       0       0       0
      Locals:         0       1       0       0       0       0       0       0       0       0       0       0       0       0       0       0       0       0       0       0       0       0       0       0       0       0       0
      Temps:          0       0       0       0       0       0       0       0       0       0       0       0       0       0       0       0       0       0       0       0       0       0       0       0       0       0       0
      Totals:         0       4       0       0       0       0       0       0       0       0       0       0       0       0       0       0       0       0       0       0       0       0       0       0       0       0       0
Total ram usage:        4 bytes
 Hardware stack levels used:    1
 Hardware stack levels required when called:    3
 This function calls:
		Nothing
 This function is called by:
		_picInit
 This function uses a non-reentrant model


 *************** function _ppsUnlock *****************
 Defined at:
		line 9 in file "PicConfig.c"
 Parameters:    Size  Location     Type
		None
 Auto vars:     Size  Location     Type
		None
 Return value:  Size  Location     Type
                  1    wreg      void 
 Registers used:
		wreg, status,2
 Tracked objects:
		On entry : 
		On exit  : 
		Unchanged: 
 Data sizes:     COMMON   BANK0   BANK1   BANK2   BANK3   BANK4   BANK5   BANK6   BANK7   BANK8   BANK9  BANK10  BANK11  BANK12  BANK13  BANK14  BANK15  BANK16  BANK17  BANK18  BANK19  BANK20  BANK21  BANK22  BANK23  BANK24  BANK25
      Params:         0       0       0       0       0       0       0       0       0       0       0       0       0       0       0       0       0       0       0       0       0       0       0       0       0       0       0
      Locals:         0       0       0       0       0       0       0       0       0       0       0       0       0       0       0       0       0       0       0       0       0       0       0       0       0       0       0
      Temps:          0       0       0       0       0       0       0       0       0       0       0       0       0       0       0       0       0       0       0       0       0       0       0       0       0       0       0
      Totals:         0       0       0       0       0       0       0       0       0       0       0       0       0       0       0       0       0       0       0       0       0       0       0       0       0       0       0
Total ram usage:        0 bytes
 Hardware stack levels used:    1
 Hardware stack levels required when called:    3
 This function calls:
		Nothing
 This function is called by:
		_picInit
 This function uses a non-reentrant model


 *************** function _ppsLock *****************
 Defined at:
		line 15 in file "PicConfig.c"
 Parameters:    Size  Location     Type
		None
 Auto vars:     Size  Location     Type
		None
 Return value:  Size  Location     Type
                  1    wreg      void 
 Registers used:
		wreg
 Tracked objects:
		On entry : 
		On exit  : 
		Unchanged: 
 Data sizes:     COMMON   BANK0   BANK1   BANK2   BANK3   BANK4   BANK5   BANK6   BANK7   BANK8   BANK9  BANK10  BANK11  BANK12  BANK13  BANK14  BANK15  BANK16  BANK17  BANK18  BANK19  BANK20  BANK21  BANK22  BANK23  BANK24  BANK25
      Params:         0       0       0       0       0       0       0       0       0       0       0       0       0       0       0       0       0       0       0       0       0       0       0       0       0       0       0
      Locals:         0       0       0       0       0       0       0       0       0       0       0       0       0       0       0       0       0       0       0       0       0       0       0       0       0       0       0
      Temps:          0       0       0       0       0       0       0       0       0       0       0       0       0       0       0       0       0       0       0       0       0       0       0       0       0       0       0
      Totals:         0       0       0       0       0       0       0       0       0       0       0       0       0       0       0       0       0       0       0       0       0       0       0       0       0       0       0
Total ram usage:        0 bytes
 Hardware stack levels used:    1
 Hardware stack levels required when called:    3
 This function calls:
		Nothing
 This function is called by:
		_picInit
 This function uses a non-reentrant model


 *************** function _lutInit *****************
 Defined at:
		line 98 in file "Controller.c"
 Parameters:    Size  Location     Type
		None
 Auto vars:     Size  Location     Type
  position        2   42[BANK0 ] int 
  ryMax           1   41[BANK0 ] unsigned char 
  ryMin           1   40[BANK0 ] unsigned char 
  rxMax           1   39[BANK0 ] unsigned char 
  rxMin           1   38[BANK0 ] unsigned char 
  lyMax           1   37[BANK0 ] unsigned char 
  lyMin           1   36[BANK0 ] unsigned char 
  lxMax           1   35[BANK0 ] unsigned char 
  lxMin           1   34[BANK0 ] unsigned char 
 Return value:  Size  Location     Type
                  1    wreg      void 
 Registers used:
		wreg, fsr1l, fsr1h, status,2, status,0, pclath, cstack
 Tracked objects:
		On entry : 
		On exit  : 
		Unchanged: 
 Data sizes:     COMMON   BANK0   BANK1   BANK2   BANK3   BANK4   BANK5   BANK6   BANK7   BANK8   BANK9  BANK10  BANK11  BANK12  BANK13  BANK14  BANK15  BANK16  BANK17  BANK18  BANK19  BANK20  BANK21  BANK22  BANK23  BANK24  BANK25
      Params:         0       0       0       0       0       0       0       0       0       0       0       0       0       0       0       0       0       0       0       0       0       0       0       0       0       0       0
      Locals:         0      10       0       0       0       0       0       0       0       0       0       0       0       0       0       0       0       0       0       0       0       0       0       0       0       0       0
      Temps:          0       9       0       0       0       0       0       0       0       0       0       0       0       0       0       0       0       0       0       0       0       0       0       0       0       0       0
      Totals:         0      19       0       0       0       0       0       0       0       0       0       0       0       0       0       0       0       0       0       0       0       0       0       0       0       0       0
Total ram usage:       19 bytes
 Hardware stack levels used:    1
 Hardware stack levels required when called:    5
 This function calls:
		_Map
		_eepromRead
 This function is called by:
		_main
 This function uses a non-reentrant model


 *************** function _eepromRead *****************
 Defined at:
		line 33 in file "Nvm.c"
 Parameters:    Size  Location     Type
  address         1    wreg     unsigned char 
 Auto vars:     Size  Location     Type
  address         1    1[BANK0 ] unsigned char 
  data            1    2[BANK0 ] unsigned char 
 Return value:  Size  Location     Type
                  1    wreg      unsigned char 
 Registers used:
		wreg
 Tracked objects:
		On entry : 
		On exit  : 
		Unchanged: 
 Data sizes:     COMMON   BANK0   BANK1   BANK2   BANK3   BANK4   BANK5   BANK6   BANK7   BANK8   BANK9  BANK10  BANK11  BANK12  BANK13  BANK14  BANK15  BANK16  BANK17  BANK18  BANK19  BANK20  BANK21  BANK22  BANK23  BANK24  BANK25
      Params:         0       0       0       0       0       0       0       0       0       0       0       0       0       0       0       0       0       0       0       0       0       0       0       0       0       0       0
      Locals:         0       2       0       0       0       0       0       0       0       0       0       0       0       0       0       0       0       0       0       0       0       0       0       0       0       0       0
      Temps:          0       1       0       0       0       0       0       0       0       0       0       0       0       0       0       0       0       0       0       0       0       0       0       0       0       0       0
      Totals:         0       3       0       0       0       0       0       0       0       0       0       0       0       0       0       0       0       0       0       0       0       0       0       0       0       0       0
Total ram usage:        3 bytes
 Hardware stack levels used:    1
 Hardware stack levels required when called:    3
 This function calls:
		Nothing
 This function is called by:
		_lutInit
 This function uses a non-reentrant model


 *************** function _Map *****************
 Defined at:
		line 93 in file "Controller.c"
 Parameters:    Size  Location     Type
  x               2   15[BANK0 ] int 
  inMin           2   17[BANK0 ] int 
  inMax           2   19[BANK0 ] int 
  outMin          2   21[BANK0 ] int 
  outMax          2   23[BANK0 ] int 
 Auto vars:     Size  Location     Type
		None
 Return value:  Size  Location     Type
                  1    wreg      unsigned char 
 Registers used:
		wreg, status,2, status,0, pclath, cstack
 Tracked objects:
		On entry : 
		On exit  : 
		Unchanged: 
 Data sizes:     COMMON   BANK0   BANK1   BANK2   BANK3   BANK4   BANK5   BANK6   BANK7   BANK8   BANK9  BANK10  BANK11  BANK12  BANK13  BANK14  BANK15  BANK16  BANK17  BANK18  BANK19  BANK20  BANK21  BANK22  BANK23  BANK24  BANK25
      Params:         0      10       0       0       0       0       0       0       0       0       0       0       0       0       0       0       0       0       0       0       0       0       0       0       0       0       0
      Locals:         0       0       0       0       0       0       0       0       0       0       0       0       0       0       0       0       0       0       0       0       0       0       0       0       0       0       0
      Temps:          0       0       0       0       0       0       0       0       0       0       0       0       0       0       0       0       0       0       0       0       0       0       0       0       0       0       0
      Totals:         0      10       0       0       0       0       0       0       0       0       0       0       0       0       0       0       0       0       0       0       0       0       0       0       0       0       0
Total ram usage:       10 bytes
 Hardware stack levels used:    1
 Hardware stack levels required when called:    4
 This function calls:
		___awdiv
		___wmul
 This function is called by:
		_lutInit
 This function uses a non-reentrant model


 *************** function ___wmul *****************
 Defined at:
		line 15 in file "C:\Program Files (x86)\Microchip\xc8\v2.10\pic\sources\c99\common\Umul16.c"
 Parameters:    Size  Location     Type
  multiplier      2    0[BANK0 ] unsigned int 
  multiplicand    2    2[BANK0 ] unsigned int 
 Auto vars:     Size  Location     Type
  product         2    4[BANK0 ] unsigned int 
 Return value:  Size  Location     Type
                  2    0[BANK0 ] unsigned int 
 Registers used:
		wreg, status,2, status,0
 Tracked objects:
		On entry : 
		On exit  : 
		Unchanged: 
 Data sizes:     COMMON   BANK0   BANK1   BANK2   BANK3   BANK4   BANK5   BANK6   BANK7   BANK8   BANK9  BANK10  BANK11  BANK12  BANK13  BANK14  BANK15  BANK16  BANK17  BANK18  BANK19  BANK20  BANK21  BANK22  BANK23  BANK24  BANK25
      Params:         0       4       0       0       0       0       0       0       0       0       0       0       0       0       0       0       0       0       0       0       0       0       0       0       0       0       0
      Locals:         0       2       0       0       0       0       0       0       0       0       0       0       0       0       0       0       0       0       0       0       0       0       0       0       0       0       0
      Temps:          0       0       0       0       0       0       0       0       0       0       0       0       0       0       0       0       0       0       0       0       0       0       0       0       0       0       0
      Totals:         0       6       0       0       0       0       0       0       0       0       0       0       0       0       0       0       0       0       0       0       0       0       0       0       0       0       0
Total ram usage:        6 bytes
 Hardware stack levels used:    1
 Hardware stack levels required when called:    3
 This function calls:
		Nothing
 This function is called by:
		_Map
 This function uses a non-reentrant model


 *************** function ___awdiv *****************
 Defined at:
		line 5 in file "C:\Program Files (x86)\Microchip\xc8\v2.10\pic\sources\c99\common\awdiv.c"
 Parameters:    Size  Location     Type
  divisor         2    6[BANK0 ] int 
  dividend        2    8[BANK0 ] int 
 Auto vars:     Size  Location     Type
  quotient        2   13[BANK0 ] int 
  sign            1   12[BANK0 ] unsigned char 
  counter         1   11[BANK0 ] unsigned char 
 Return value:  Size  Location     Type
                  2    6[BANK0 ] int 
 Registers used:
		wreg, status,2, status,0
 Tracked objects:
		On entry : 
		On exit  : 
		Unchanged: 
 Data sizes:     COMMON   BANK0   BANK1   BANK2   BANK3   BANK4   BANK5   BANK6   BANK7   BANK8   BANK9  BANK10  BANK11  BANK12  BANK13  BANK14  BANK15  BANK16  BANK17  BANK18  BANK19  BANK20  BANK21  BANK22  BANK23  BANK24  BANK25
      Params:         0       4       0       0       0       0       0       0       0       0       0       0       0       0       0       0       0       0       0       0       0       0       0       0       0       0       0
      Locals:         0       4       0       0       0       0       0       0       0       0       0       0       0       0       0       0       0       0       0       0       0       0       0       0       0       0       0
      Temps:          0       1       0       0       0       0       0       0       0       0       0       0       0       0       0       0       0       0       0       0       0       0       0       0       0       0       0
      Totals:         0       9       0       0       0       0       0       0       0       0       0       0       0       0       0       0       0       0       0       0       0       0       0       0       0       0       0
Total ram usage:        9 bytes
 Hardware stack levels used:    1
 Hardware stack levels required when called:    3
 This function calls:
		Nothing
 This function is called by:
		_Map
 This function uses a non-reentrant model


 *************** function _configureController *****************
 Defined at:
		line 186 in file "Controller.c"
 Parameters:    Size  Location     Type
		None
 Auto vars:     Size  Location     Type
  ry              1   21[BANK0 ] unsigned char 
  rx              1   20[BANK0 ] unsigned char 
  ly              1   19[BANK0 ] unsigned char 
  lx              1   18[BANK0 ] unsigned char 
  ryMax           1   17[BANK0 ] unsigned char 
  ryMin           1   16[BANK0 ] unsigned char 
  rxMax           1   15[BANK0 ] unsigned char 
  rxMin           1   14[BANK0 ] unsigned char 
  lyMax           1   13[BANK0 ] unsigned char 
  lyMin           1   12[BANK0 ] unsigned char 
  lxMax           1   11[BANK0 ] unsigned char 
  lxMin           1   10[BANK0 ] unsigned char 
 Return value:  Size  Location     Type
                  1    wreg      void 
 Registers used:
		wreg, fsr0l, fsr0h, fsr1l, fsr1h, status,2, status,0, pclath, cstack
 Tracked objects:
		On entry : 
		On exit  : 
		Unchanged: 
 Data sizes:     COMMON   BANK0   BANK1   BANK2   BANK3   BANK4   BANK5   BANK6   BANK7   BANK8   BANK9  BANK10  BANK11  BANK12  BANK13  BANK14  BANK15  BANK16  BANK17  BANK18  BANK19  BANK20  BANK21  BANK22  BANK23  BANK24  BANK25
      Params:         0       0       0       0       0       0       0       0       0       0       0       0       0       0       0       0       0       0       0       0       0       0       0       0       0       0       0
      Locals:         0      12       0       0       0       0       0       0       0       0       0       0       0       0       0       0       0       0       0       0       0       0       0       0       0       0       0
      Temps:          0       1       0       0       0       0       0       0       0       0       0       0       0       0       0       0       0       0       0       0       0       0       0       0       0       0       0
      Totals:         0      13       0       0       0       0       0       0       0       0       0       0       0       0       0       0       0       0       0       0       0       0       0       0       0       0       0
Total ram usage:       13 bytes
 Hardware stack levels used:    1
 Hardware stack levels required when called:    5
 This function calls:
		_eepromWrite
		_readADC
		_readController
 This function is called by:
		_main
 This function uses a non-reentrant model


 *************** function _readController *****************
 Defined at:
		line 12 in file "Controller.c"
 Parameters:    Size  Location     Type
  analogMode      1    wreg     unsigned char 
 Auto vars:     Size  Location     Type
  analogMode      1    2[BANK0 ] unsigned char 
 Return value:  Size  Location     Type
                  1    wreg      void 
 Registers used:
		wreg, fsr0l, fsr0h, fsr1l, fsr1h, status,2, status,0
 Tracked objects:
		On entry : 
		On exit  : 
		Unchanged: 
 Data sizes:     COMMON   BANK0   BANK1   BANK2   BANK3   BANK4   BANK5   BANK6   BANK7   BANK8   BANK9  BANK10  BANK11  BANK12  BANK13  BANK14  BANK15  BANK16  BANK17  BANK18  BANK19  BANK20  BANK21  BANK22  BANK23  BANK24  BANK25
      Params:         0       0       0       0       0       0       0       0       0       0       0       0       0       0       0       0       0       0       0       0       0       0       0       0       0       0       0
      Locals:         0       1       0       0       0       0       0       0       0       0       0       0       0       0       0       0       0       0       0       0       0       0       0       0       0       0       0
      Temps:          0       2       0       0       0       0       0       0       0       0       0       0       0       0       0       0       0       0       0       0       0       0       0       0       0       0       0
      Totals:         0       3       0       0       0       0       0       0       0       0       0       0       0       0       0       0       0       0       0       0       0       0       0       0       0       0       0
Total ram usage:        3 bytes
 Hardware stack levels used:    1
 Hardware stack levels required when called:    3
 This function calls:
		Nothing
 This function is called by:
		_main
		_configureController
 This function uses a non-reentrant model


 *************** function _readADC *****************
 Defined at:
		line 156 in file "Controller.c"
 Parameters:    Size  Location     Type
  channel         2    0[BANK0 ] int 
 Auto vars:     Size  Location     Type
		None
 Return value:  Size  Location     Type
                  2    0[BANK0 ] unsigned int 
 Registers used:
		wreg, status,2, status,0
 Tracked objects:
		On entry : 
		On exit  : 
		Unchanged: 
 Data sizes:     COMMON   BANK0   BANK1   BANK2   BANK3   BANK4   BANK5   BANK6   BANK7   BANK8   BANK9  BANK10  BANK11  BANK12  BANK13  BANK14  BANK15  BANK16  BANK17  BANK18  BANK19  BANK20  BANK21  BANK22  BANK23  BANK24  BANK25
      Params:         0       2       0       0       0       0       0       0       0       0       0       0       0       0       0       0       0       0       0       0       0       0       0       0       0       0       0
      Locals:         0       0       0       0       0       0       0       0       0       0       0       0       0       0       0       0       0       0       0       0       0       0       0       0       0       0       0
      Temps:          0       7       0       0       0       0       0       0       0       0       0       0       0       0       0       0       0       0       0       0       0       0       0       0       0       0       0
      Totals:         0       9       0       0       0       0       0       0       0       0       0       0       0       0       0       0       0       0       0       0       0       0       0       0       0       0       0
Total ram usage:        9 bytes
 Hardware stack levels used:    1
 Hardware stack levels required when called:    3
 This function calls:
		Nothing
 This function is called by:
		_readControllerAnalog
		_configureController
 This function uses a non-reentrant model


 *************** function _eepromWrite *****************
 Defined at:
		line 9 in file "Nvm.c"
 Parameters:    Size  Location     Type
  address         1    wreg     unsigned char 
  data            1    0[BANK0 ] unsigned char 
 Auto vars:     Size  Location     Type
  address         1    1[BANK0 ] unsigned char 
  interruptSta    1    2[BANK0 ] unsigned char 
 Return value:  Size  Location     Type
                  1    wreg      void 
 Registers used:
		wreg, status,2, status,0, pclath, cstack
 Tracked objects:
		On entry : 
		On exit  : 
		Unchanged: 
 Data sizes:     COMMON   BANK0   BANK1   BANK2   BANK3   BANK4   BANK5   BANK6   BANK7   BANK8   BANK9  BANK10  BANK11  BANK12  BANK13  BANK14  BANK15  BANK16  BANK17  BANK18  BANK19  BANK20  BANK21  BANK22  BANK23  BANK24  BANK25
      Params:         0       1       0       0       0       0       0       0       0       0       0       0       0       0       0       0       0       0       0       0       0       0       0       0       0       0       0
      Locals:         0       2       0       0       0       0       0       0       0       0       0       0       0       0       0       0       0       0       0       0       0       0       0       0       0       0       0
      Temps:          0       0       0       0       0       0       0       0       0       0       0       0       0       0       0       0       0       0       0       0       0       0       0       0       0       0       0
      Totals:         0       3       0       0       0       0       0       0       0       0       0       0       0       0       0       0       0       0       0       0       0       0       0       0       0       0       0
Total ram usage:        3 bytes
 Hardware stack levels used:    1
 Hardware stack levels required when called:    4
 This function calls:
		_nvmUnlock
 This function is called by:
		_configureController
 This function uses a non-reentrant model


 *************** function _nvmUnlock *****************
 Defined at:
		line 48 in file "Nvm.c"
 Parameters:    Size  Location     Type
		None
 Auto vars:     Size  Location     Type
		None
 Return value:  Size  Location     Type
                  1    wreg      void 
 Registers used:
		wreg
 Tracked objects:
		On entry : 
		On exit  : 
		Unchanged: 
 Data sizes:     COMMON   BANK0   BANK1   BANK2   BANK3   BANK4   BANK5   BANK6   BANK7   BANK8   BANK9  BANK10  BANK11  BANK12  BANK13  BANK14  BANK15  BANK16  BANK17  BANK18  BANK19  BANK20  BANK21  BANK22  BANK23  BANK24  BANK25
      Params:         0       0       0       0       0       0       0       0       0       0       0       0       0       0       0       0       0       0       0       0       0       0       0       0       0       0       0
      Locals:         0       0       0       0       0       0       0       0       0       0       0       0       0       0       0       0       0       0       0       0       0       0       0       0       0       0       0
      Temps:          0       0       0       0       0       0       0       0       0       0       0       0       0       0       0       0       0       0       0       0       0       0       0       0       0       0       0
      Totals:         0       0       0       0       0       0       0       0       0       0       0       0       0       0       0       0       0       0       0       0       0       0       0       0       0       0       0
Total ram usage:        0 bytes
 Hardware stack levels used:    1
 Hardware stack levels required when called:    3
 This function calls:
		Nothing
 This function is called by:
		_eepromWrite
 This function uses a non-reentrant model


 *************** function _adcInit *****************
 Defined at:
		line 21 in file "PicConfig.c"
 Parameters:    Size  Location     Type
		None
 Auto vars:     Size  Location     Type
		None
 Return value:  Size  Location     Type
                  1    wreg      void 
 Registers used:
		wreg, status,2
 Tracked objects:
		On entry : 
		On exit  : 
		Unchanged: 
 Data sizes:     COMMON   BANK0   BANK1   BANK2   BANK3   BANK4   BANK5   BANK6   BANK7   BANK8   BANK9  BANK10  BANK11  BANK12  BANK13  BANK14  BANK15  BANK16  BANK17  BANK18  BANK19  BANK20  BANK21  BANK22  BANK23  BANK24  BANK25
      Params:         0       0       0       0       0       0       0       0       0       0       0       0       0       0       0       0       0       0       0       0       0       0       0       0       0       0       0
      Locals:         0       0       0       0       0       0       0       0       0       0       0       0       0       0       0       0       0       0       0       0       0       0       0       0       0       0       0
      Temps:          0       0       0       0       0       0       0       0       0       0       0       0       0       0       0       0       0       0       0       0       0       0       0       0       0       0       0
      Totals:         0       0       0       0       0       0       0       0       0       0       0       0       0       0       0       0       0       0       0       0       0       0       0       0       0       0       0
Total ram usage:        0 bytes
 Hardware stack levels used:    1
 Hardware stack levels required when called:    3
 This function calls:
		Nothing
 This function is called by:
		_main
 This function uses a non-reentrant model


 *************** function _PwmInit *****************
 Defined at:
		line 45 in file "main.c"
 Parameters:    Size  Location     Type
  idle            2    0[BANK0 ] int 
 Auto vars:     Size  Location     Type
		None
 Return value:  Size  Location     Type
                  1    wreg      void 
 Registers used:
		wreg
 Tracked objects:
		On entry : 
		On exit  : 
		Unchanged: 
 Data sizes:     COMMON   BANK0   BANK1   BANK2   BANK3   BANK4   BANK5   BANK6   BANK7   BANK8   BANK9  BANK10  BANK11  BANK12  BANK13  BANK14  BANK15  BANK16  BANK17  BANK18  BANK19  BANK20  BANK21  BANK22  BANK23  BANK24  BANK25
      Params:         0       2       0       0       0       0       0       0       0       0       0       0       0       0       0       0       0       0       0       0       0       0       0       0       0       0       0
      Locals:         0       0       0       0       0       0       0       0       0       0       0       0       0       0       0       0       0       0       0       0       0       0       0       0       0       0       0
      Temps:          0       1       0       0       0       0       0       0       0       0       0       0       0       0       0       0       0       0       0       0       0       0       0       0       0       0       0
      Totals:         0       3       0       0       0       0       0       0       0       0       0       0       0       0       0       0       0       0       0       0       0       0       0       0       0       0       0
Total ram usage:        3 bytes
 Hardware stack levels used:    1
 Hardware stack levels required when called:    3
 This function calls:
		Nothing
 This function is called by:
		_main
 This function uses a non-reentrant model


 *************** function _PWMTestFunc *****************
 Defined at:
		line 472 in file "main.c"
 Parameters:    Size  Location     Type
		None
 Auto vars:     Size  Location     Type
		None
 Return value:  Size  Location     Type
                  1    wreg      void 
 Registers used:
		wreg, status,2, status,0, pclath, cstack
 Tracked objects:
		On entry : 
		On exit  : 
		Unchanged: 
 Data sizes:     COMMON   BANK0   BANK1   BANK2   BANK3   BANK4   BANK5   BANK6   BANK7   BANK8   BANK9  BANK10  BANK11  BANK12  BANK13  BANK14  BANK15  BANK16  BANK17  BANK18  BANK19  BANK20  BANK21  BANK22  BANK23  BANK24  BANK25
      Params:         0       0       0       0       0       0       0       0       0       0       0       0       0       0       0       0       0       0       0       0       0       0       0       0       0       0       0
      Locals:         0       0       0       0       0       0       0       0       0       0       0       0       0       0       0       0       0       0       0       0       0       0       0       0       0       0       0
      Temps:          0       2       0       0       0       0       0       0       0       0       0       0       0       0       0       0       0       0       0       0       0       0       0       0       0       0       0
      Totals:         0       2       0       0       0       0       0       0       0       0       0       0       0       0       0       0       0       0       0       0       0       0       0       0       0       0       0
Total ram usage:        2 bytes
 Hardware stack levels used:    1
 Hardware stack levels required when called:    4
 This function calls:
		_PWMButton
 This function is called by:
		_main
 This function uses a non-reentrant model


 *************** function _PWMButton *****************
 Defined at:
		line 63 in file "main.c"
 Parameters:    Size  Location     Type
  value           2    0[BANK0 ] int 
 Auto vars:     Size  Location     Type
		None
 Return value:  Size  Location     Type
                  1    wreg      void 
 Registers used:
		wreg, status,2, status,0
 Tracked objects:
		On entry : 
		On exit  : 
		Unchanged: 
 Data sizes:     COMMON   BANK0   BANK1   BANK2   BANK3   BANK4   BANK5   BANK6   BANK7   BANK8   BANK9  BANK10  BANK11  BANK12  BANK13  BANK14  BANK15  BANK16  BANK17  BANK18  BANK19  BANK20  BANK21  BANK22  BANK23  BANK24  BANK25
      Params:         0       2       0       0       0       0       0       0       0       0       0       0       0       0       0       0       0       0       0       0       0       0       0       0       0       0       0
      Locals:         0       0       0       0       0       0       0       0       0       0       0       0       0       0       0       0       0       0       0       0       0       0       0       0       0       0       0
      Temps:          0       2       0       0       0       0       0       0       0       0       0       0       0       0       0       0       0       0       0       0       0       0       0       0       0       0       0
      Totals:         0       4       0       0       0       0       0       0       0       0       0       0       0       0       0       0       0       0       0       0       0       0       0       0       0       0       0
Total ram usage:        4 bytes
 Hardware stack levels used:    1
 Hardware stack levels required when called:    3
 This function calls:
		Nothing
 This function is called by:
		_PWMTestFunc
 This function uses a non-reentrant model


 *************** function _PS2Command *****************
 Defined at:
		line 131 in file "main.c"
 Parameters:    Size  Location     Type
		None
 Auto vars:     Size  Location     Type
  cmd             1    4[COMMON] unsigned char 
 Return value:  Size  Location     Type
                  1    wreg      void 
 Registers used:
		wreg, fsr0l, fsr0h, fsr1l, fsr1h, status,2, status,0, pclath, cstack
 Tracked objects:
		On entry : 
		On exit  : 
		Unchanged: 
 Data sizes:     COMMON   BANK0   BANK1   BANK2   BANK3   BANK4   BANK5   BANK6   BANK7   BANK8   BANK9  BANK10  BANK11  BANK12  BANK13  BANK14  BANK15  BANK16  BANK17  BANK18  BANK19  BANK20  BANK21  BANK22  BANK23  BANK24  BANK25
      Params:         0       0       0       0       0       0       0       0       0       0       0       0       0       0       0       0       0       0       0       0       0       0       0       0       0       0       0
      Locals:         1       0       0       0       0       0       0       0       0       0       0       0       0       0       0       0       0       0       0       0       0       0       0       0       0       0       0
      Temps:          2       0       0       0       0       0       0       0       0       0       0       0       0       0       0       0       0       0       0       0       0       0       0       0       0       0       0
      Totals:         3       0       0       0       0       0       0       0       0       0       0       0       0       0       0       0       0       0       0       0       0       0       0       0       0       0       0
Total ram usage:        3 bytes
 Hardware stack levels used:    1
 Hardware stack levels required when called:    2
 This function calls:
		_pollController
		_spiRead
		_spiWrite
 This function is called by:
		Interrupt level 1
 This function uses a non-reentrant model


 *************** function _spiWrite *****************
 Defined at:
		line 32 in file "Spi.c"
 Parameters:    Size  Location     Type
  dat             1    wreg     unsigned char 
 Auto vars:     Size  Location     Type
  dat             1    0[COMMON] unsigned char 
 Return value:  Size  Location     Type
                  1    wreg      void 
 Registers used:
		wreg
 Tracked objects:
		On entry : 
		On exit  : 
		Unchanged: 
 Data sizes:     COMMON   BANK0   BANK1   BANK2   BANK3   BANK4   BANK5   BANK6   BANK7   BANK8   BANK9  BANK10  BANK11  BANK12  BANK13  BANK14  BANK15  BANK16  BANK17  BANK18  BANK19  BANK20  BANK21  BANK22  BANK23  BANK24  BANK25
      Params:         0       0       0       0       0       0       0       0       0       0       0       0       0       0       0       0       0       0       0       0       0       0       0       0       0       0       0
      Locals:         1       0       0       0       0       0       0       0       0       0       0       0       0       0       0       0       0       0       0       0       0       0       0       0       0       0       0
      Temps:          0       0       0       0       0       0       0       0       0       0       0       0       0       0       0       0       0       0       0       0       0       0       0       0       0       0       0
      Totals:         1       0       0       0       0       0       0       0       0       0       0       0       0       0       0       0       0       0       0       0       0       0       0       0       0       0       0
Total ram usage:        1 bytes
 Hardware stack levels used:    1
 This function calls:
		Nothing
 This function is called by:
		_PS2Command
 This function uses a non-reentrant model


 *************** function _spiRead *****************
 Defined at:
		line 37 in file "Spi.c"
 Parameters:    Size  Location     Type
		None
 Auto vars:     Size  Location     Type
		None
 Return value:  Size  Location     Type
                  1    wreg      unsigned char 
 Registers used:
		wreg, status,2, status,0, pclath, cstack
 Tracked objects:
		On entry : 
		On exit  : 
		Unchanged: 
 Data sizes:     COMMON   BANK0   BANK1   BANK2   BANK3   BANK4   BANK5   BANK6   BANK7   BANK8   BANK9  BANK10  BANK11  BANK12  BANK13  BANK14  BANK15  BANK16  BANK17  BANK18  BANK19  BANK20  BANK21  BANK22  BANK23  BANK24  BANK25
      Params:         0       0       0       0       0       0       0       0       0       0       0       0       0       0       0       0       0       0       0       0       0       0       0       0       0       0       0
      Locals:         0       0       0       0       0       0       0       0       0       0       0       0       0       0       0       0       0       0       0       0       0       0       0       0       0       0       0
      Temps:          0       0       0       0       0       0       0       0       0       0       0       0       0       0       0       0       0       0       0       0       0       0       0       0       0       0       0
      Totals:         0       0       0       0       0       0       0       0       0       0       0       0       0       0       0       0       0       0       0       0       0       0       0       0       0       0       0
Total ram usage:        0 bytes
 Hardware stack levels used:    1
 Hardware stack levels required when called:    1
 This function calls:
		_spiReceiveWait
 This function is called by:
		_PS2Command
 This function uses a non-reentrant model


 *************** function _spiReceiveWait *****************
 Defined at:
		line 27 in file "Spi.c"
 Parameters:    Size  Location     Type
		None
 Auto vars:     Size  Location     Type
		None
 Return value:  Size  Location     Type
                  1    wreg      void 
 Registers used:
		None
 Tracked objects:
		On entry : 
		On exit  : 
		Unchanged: 
 Data sizes:     COMMON   BANK0   BANK1   BANK2   BANK3   BANK4   BANK5   BANK6   BANK7   BANK8   BANK9  BANK10  BANK11  BANK12  BANK13  BANK14  BANK15  BANK16  BANK17  BANK18  BANK19  BANK20  BANK21  BANK22  BANK23  BANK24  BANK25
      Params:         0       0       0       0       0       0       0       0       0       0       0       0       0       0       0       0       0       0       0       0       0       0       0       0       0       0       0
      Locals:         0       0       0       0       0       0       0       0       0       0       0       0       0       0       0       0       0       0       0       0       0       0       0       0       0       0       0
      Temps:          0       0       0       0       0       0       0       0       0       0       0       0       0       0       0       0       0       0       0       0       0       0       0       0       0       0       0
      Totals:         0       0       0       0       0       0       0       0       0       0       0       0       0       0       0       0       0       0       0       0       0       0       0       0       0       0       0
Total ram usage:        0 bytes
 Hardware stack levels used:    1
 This function calls:
		Nothing
 This function is called by:
		_spiRead
 This function uses a non-reentrant model


 *************** function _pollController *****************
 Defined at:
		line 98 in file "main.c"
 Parameters:    Size  Location     Type
  response        1    wreg     PTR unsigned char 
		 -> response(20), 
 Auto vars:     Size  Location     Type
  response        1    1[COMMON] PTR unsigned char 
		 -> response(20), 
 Return value:  Size  Location     Type
                  1    wreg      void 
 Registers used:
		wreg, fsr1l, fsr1h, status,2, status,0
 Tracked objects:
		On entry : 
		On exit  : 
		Unchanged: 
 Data sizes:     COMMON   BANK0   BANK1   BANK2   BANK3   BANK4   BANK5   BANK6   BANK7   BANK8   BANK9  BANK10  BANK11  BANK12  BANK13  BANK14  BANK15  BANK16  BANK17  BANK18  BANK19  BANK20  BANK21  BANK22  BANK23  BANK24  BANK25
      Params:         0       0       0       0       0       0       0       0       0       0       0       0       0       0       0       0       0       0       0       0       0       0       0       0       0       0       0
      Locals:         1       0       0       0       0       0       0       0       0       0       0       0       0       0       0       0       0       0       0       0       0       0       0       0       0       0       0
      Temps:          1       0       0       0       0       0       0       0       0       0       0       0       0       0       0       0       0       0       0       0       0       0       0       0       0       0       0
      Totals:         2       0       0       0       0       0       0       0       0       0       0       0       0       0       0       0       0       0       0       0       0       0       0       0       0       0       0
Total ram usage:        2 bytes
 Hardware stack levels used:    1
 This function calls:
		Nothing
 This function is called by:
		_PS2Command
 This function uses a non-reentrant model



MODULE INFORMATION

Module		Function		Class		Link	Load	Size
PicConfig.c
		_ppsUnlock     		CODE           	0DBE	0000	8
		_adcInit       		CODE           	0DCD	0000	11
		_picInit       		CODE           	0F23	0000	60
		_ppsLock       		CODE           	0DC5	0000	9

PicConfig.c estimated size: 88

Nvm.c
		_nvmUnlock     		CODE           	0DB7	0000	8
		_eepromWrite   		CODE           	0E8F	0000	38
		_eepromRead    		CODE           	0DEF	0000	19

Nvm.c estimated size: 65

C:\Program Files (x86)\Microchip\xc8\v2.10\pic\sources\c99\common\awdiv.c
		___awdiv       		CODE           	0773	0000	97

C:\Program Files (x86)\Microchip\xc8\v2.10\pic\sources\c99\common\awdiv.c estimated size: 97

shared
		__initialization		CODE           	01A0	0000	47

shared estimated size: 47

Spi.c
		_spiWrite      		CODE           	0DA6	0000	6
		_spiInit       		CODE           	0E01	0000	21
		_spiReceiveWait		CODE           	0DAB	0000	7
		_spiRead       		CODE           	0DB1	0000	7

Spi.c estimated size: 41

C:\Program Files (x86)\Microchip\xc8\v2.10\pic\sources\c99\common\Umul16.c
		___wmul        		CODE           	0E4D	0000	33

C:\Program Files (x86)\Microchip\xc8\v2.10\pic\sources\c99\common\Umul16.c estimated size: 33

Controller.c
		_configureController		CODE           	03C3	0000	354
		_readControllerAnalog		CODE           	0709	0000	107
		_Map           		CODE           	0E6D	0000	35
		_lutInit       		CODE           	01D2	0000	498
		_readADC       		CODE           	07D3	0000	44
		_reversebyte   		CODE           	0EB4	0000	56
		_readController		CODE           	0524	0000	325

Controller.c estimated size: 1419

main.c
		_PWMTestFunc   		CODE           	0EEB	0000	57
		_PS2Command    		CODE           	0004	0000	411
		_pollController		CODE           	0668	0000	162
		_PwmInit       		CODE           	0E15	0000	27
		_main          		CODE           	0FA1	0000	96
		_PWMButton     		CODE           	0F5E	0000	68

main.c estimated size: 821

